@req(true)
if x < 0 ->
      x := 0 - x ;
[] y < 0 ->
      y := 0 - y ;
fi
@ens(x >= 0 & y >= 0)
