@req(x >= 0 & (y >= 0 & z >= 0))
if x > 0 ->
      x := x - x ;
[] y > 0 ->
      y := y - y ;
[] z > 0 ->
      z := z - z ;
fi
z := (x + y) + z ;
@ens(x == 0 & (y == 0 & z == 0))
