@req(true)
x := 1 ;
if true ->
      y := 1 ;
[] false ->
      y := 2 ;
fi
z := 1 ;
@ens(x <= y & y <= z)
