Path 1
  [ Branch 1
      ; Assume x >= y
      ; Substitute
          @m -> x
      { HOLE }
    Branch 2
      ; Assume y >= x
      ; Substitute
          @m -> y
      { HOLE }
  ]
  ; Substitute
      @n -> m
  { Satisfies n >= x & n >= y }