@req(true)
if y <= x ->
      m := x
[] x <= y ->
      m := y
fi
@ens((x <= m) & (y <= m))
