@req((0 <= x) & (0 <= y))
a, b, res := x, y, 0 ;
do @inv()
[] a > 0 & ((a % 2) == 1) ->
      res := res + b
[] a > 0 ->
      a := a / 2 ;
      b := b * 2
od
@ens(res == (x * y))
