@req()
m1, res := m, 0 ;
do @inv()
[] m1 > 0 ->
      n1 := n ;
      do @inv()
      [] n1 > 0 ->
            res, n1 := res + 1, n1 - 1 ;
      od
      m1 := m1 - 1 ;
od
@ens(res == (m * n))
