@req()
m1, n1, res := 0, 0, 0 ;
do @inv()
[] m > m1 ->
      n1 := 0 ;
      do @inv()
      [] n > n1 ->
            res, n1 := res + 1, n1 + 1 ;
      od
      m1 := m1 + 1 ;
od
@ens(res == (m * n))
