Path 1:
  { PRE: x <= y }
  ; Substitute
      @y -> (30 + 14) - x
  ; Substitute
      @x -> 17
  ; Substitute
      @x -> z - 7
  { POST: z <= x & (y <= x & (y <= z & z <= 10)) }